// Vitest Snapshot v1, https://vitest.dev/guide/snapshot.html

exports[`question specs > comment-matches-code snapshot 1`] = `
{
  "contradicts": {
    "criteria": {
      "false": "The comment is accurate for this function once you credit work the body hands off: behavior inside a helper this body calls, a hook it invokes, or a constant it references counts as this function's behavior. A comment that is brief, vague, or silent about minor detail is accurate. Example: the comment describes scrolling and focusing while the body calls a scrollToElement helper that does both.",
      "true": "The comment states a behavior, return value, ordering, count, or guarantee, and the body does something different. This includes a comment that documents some other function rather than this one. Examples: the comment says returns the profile and the body deletes the user; the comment says newest first and the body sorts alphabetically; the comment says three options and the body offers two; the comment describes seeding a table and the body only checks whether the table is empty.",
    },
    "instructions": "Does \`function.comment\` state something about this function that \`function.body\` contradicts?",
    "type": "noul",
  },
  "hides": {
    "criteria": {
      "false": "The comment mentions the effect, or the body has no such effect, or the effect is one the comment's description already implies. Logging, metrics, caching, and memoization are not hidden side effects.",
      "true": "The body changes state outside itself — writes to a database or a file, sends a request, deletes data, mutates an argument or a global — and the comment gives the reader no hint that it happens. Example: the comment describes resolving a caller's access level and the body also marks that account active in the database.",
    },
    "instructions": "Does \`function.body\` perform a write, network call, deletion, or other lasting side effect that \`function.comment\` does not mention at all?",
    "type": "noul",
  },
}
`;

exports[`question specs > helpful-error-message asks one noul per throw site keyed by site id 1`] = `
{
  "criteria": {
    "false": "The message names the failing thing, the bad value, the expected condition, or the next step. Examples: Expected a number but received string; Order has no items; Missing env var DATABASE_URL.",
    "true": "The message is a bare code, a generic phrase such as something went wrong, failed, or invalid input, or names nothing the reader could act on. Examples: Error 42; Unexpected error; Invalid.",
  },
  "instructions": "Would a developer reading the error message in \`function.throws.f0.t0.message\` in a log be unable to tell what went wrong or what to check next?",
  "type": "noul",
}
`;

exports[`question specs > name-matches-body has a bad=true noul and a verb choice with an other option 1`] = `
{
  "criteria": {
    "false": "The name is a fair label for the body's main effect, even if it leaves out details such as helpers, logging, caching, or error handling. Examples: getUser that reads from a cache then the database; saveOrder that also validates before saving.",
    "true": "The name describes an action or result the body does not perform, or the body's main effect is something the name hides. Examples: the name says get and the body deletes; the name says validate and the body saves; the name says fetchUser and the body returns orders.",
  },
  "instructions": "Does \`function.name\` promise a different action, object, or result than \`function.body\` performs?",
  "type": "noul",
}
`;
